Copyright 1986-2016 Xilinx, Inc. All Rights Reserved.
----------------------------------------------------------------------------------------------------------------------------------------------------------------------------------------
| Tool Version     : Vivado v.2016.4 (win64) Build 1733598 Wed Dec 14 22:35:39 MST 2016
| Date             : Tue Nov 24 17:42:54 2020
| Host             : CSE-P07-2168-07 running 64-bit major release  (build 9200)
| Command          : report_power -file FullProcessorPipelined_power_routed.rpt -pb FullProcessorPipelined_power_summary_routed.pb -rpx FullProcessorPipelined_power_routed.rpx
| Design           : FullProcessorPipelined
| Device           : xc7a100tcsg324-1
| Design State     : routed
| Grade            : commercial
| Process          : typical
| Characterization : Production
----------------------------------------------------------------------------------------------------------------------------------------------------------------------------------------

Power Report

Table of Contents
-----------------
1. Summary
1.1 On-Chip Components
1.2 Power Supply Summary
1.3 Confidence Level
2. Settings
2.1 Environment
2.2 Clock Constraints
3. Detailed Reports
3.1 By Hierarchy

1. Summary
----------

+--------------------------+----------------------------------+
| Total On-Chip Power (W)  | 15.129 (Junction temp exceeded!) |
| Dynamic (W)              | 14.784                           |
| Device Static (W)        | 0.345                            |
| Effective TJA (C/W)      | 4.6                              |
| Max Ambient (C)          | 16.0                             |
| Junction Temperature (C) | 94.0                             |
| Confidence Level         | Low                              |
| Setting File             | ---                              |
| Simulation Activity File | ---                              |
| Design Nets Matched      | NA                               |
+--------------------------+----------------------------------+


1.1 On-Chip Components
----------------------

+----------------+-----------+----------+-----------+-----------------+
| On-Chip        | Power (W) | Used     | Available | Utilization (%) |
+----------------+-----------+----------+-----------+-----------------+
| Slice Logic    |     4.438 |    12111 |       --- |             --- |
|   LUT as Logic |     4.205 |     6462 |     63400 |           10.19 |
|   CARRY4       |     0.130 |       85 |     15850 |            0.54 |
|   Register     |     0.086 |     2936 |    126800 |            2.32 |
|   BUFG         |     0.017 |        4 |        32 |           12.50 |
|   F7/F8 Muxes  |    <0.001 |      628 |     63400 |            0.99 |
|   Others       |     0.000 |      512 |       --- |             --- |
| Signals        |     5.641 |     9812 |       --- |             --- |
| I/O            |     4.704 |       29 |       210 |           13.81 |
| Static Power   |     0.345 |          |           |                 |
| Total          |    15.129 |          |           |                 |
+----------------+-----------+----------+-----------+-----------------+


1.2 Power Supply Summary
------------------------

+-----------+-------------+-----------+-------------+------------+
| Source    | Voltage (V) | Total (A) | Dynamic (A) | Static (A) |
+-----------+-------------+-----------+-------------+------------+
| Vccint    |       1.000 |    10.295 |      10.084 |      0.211 |
| Vccaux    |       1.800 |     0.216 |       0.172 |      0.044 |
| Vcco33    |       3.300 |     1.334 |       1.330 |      0.004 |
| Vcco25    |       2.500 |     0.000 |       0.000 |      0.000 |
| Vcco18    |       1.800 |     0.000 |       0.000 |      0.000 |
| Vcco15    |       1.500 |     0.000 |       0.000 |      0.000 |
| Vcco135   |       1.350 |     0.000 |       0.000 |      0.000 |
| Vcco12    |       1.200 |     0.000 |       0.000 |      0.000 |
| Vccaux_io |       1.800 |     0.000 |       0.000 |      0.000 |
| Vccbram   |       1.000 |     0.006 |       0.000 |      0.006 |
| MGTAVcc   |       1.000 |     0.000 |       0.000 |      0.000 |
| MGTAVtt   |       1.200 |     0.000 |       0.000 |      0.000 |
| Vccadc    |       1.800 |     0.020 |       0.000 |      0.020 |
+-----------+-------------+-----------+-------------+------------+


1.3 Confidence Level
--------------------

+-----------------------------+------------+--------------------------------------------------------+--------------------------------------------------------------------------------------------------------------------+
| User Input Data             | Confidence | Details                                                | Action                                                                                                             |
+-----------------------------+------------+--------------------------------------------------------+--------------------------------------------------------------------------------------------------------------------+
| Design implementation state | High       | Design is routed                                       |                                                                                                                    |
| Clock nodes activity        | Low        | User specified less than 75% of clocks                 | Provide missing clock activity with a constraint file, simulation results or by editing the "By Clock Domain" view |
| I/O nodes activity          | Low        | More than 75% of inputs are missing user specification | Provide missing input activity with simulation results or by editing the "By Resource Type -> I/Os" view           |
| Internal nodes activity     | Medium     | User specified less than 25% of internal nodes         | Provide missing internal nodes activity with simulation results or by editing the "By Resource Type" views         |
| Device models               | High       | Device models are Production                           |                                                                                                                    |
|                             |            |                                                        |                                                                                                                    |
| Overall confidence level    | Low        |                                                        |                                                                                                                    |
+-----------------------------+------------+--------------------------------------------------------+--------------------------------------------------------------------------------------------------------------------+


2. Settings
-----------

2.1 Environment
---------------

+-----------------------+--------------------------+
| Ambient Temp (C)      | 25.0                     |
| ThetaJA (C/W)         | 4.6                      |
| Airflow (LFM)         | 250                      |
| Heat Sink             | medium (Medium Profile)  |
| ThetaSA (C/W)         | 4.6                      |
| Board Selection       | medium (10"x10")         |
| # of Board Layers     | 12to15 (12 to 15 Layers) |
| Board Temperature (C) | 25.0                     |
+-----------------------+--------------------------+


2.2 Clock Constraints
---------------------

+-------+--------+-----------------+
| Clock | Domain | Constraint (ns) |
+-------+--------+-----------------+


3. Detailed Reports
-------------------

3.1 By Hierarchy
----------------

+------------------------+-----------+
| Name                   | Power (W) |
+------------------------+-----------+
| FullProcessorPipelined |    14.784 |
|   EX_MEM               |     0.193 |
|     genblk1[0].mod2    |    <0.001 |
|     genblk1[100].mod2  |    <0.001 |
|     genblk1[101].mod2  |    <0.001 |
|     genblk1[102].mod2  |    <0.001 |
|     genblk1[103].mod2  |    <0.001 |
|     genblk1[104].mod2  |    <0.001 |
|     genblk1[105].mod2  |    <0.001 |
|     genblk1[106].mod2  |    <0.001 |
|     genblk1[107].mod2  |    <0.001 |
|     genblk1[108].mod2  |    <0.001 |
|     genblk1[109].mod2  |    <0.001 |
|     genblk1[10].mod2   |     0.000 |
|     genblk1[110].mod2  |    <0.001 |
|     genblk1[111].mod2  |    <0.001 |
|     genblk1[112].mod2  |    <0.001 |
|     genblk1[113].mod2  |    <0.001 |
|     genblk1[114].mod2  |     0.006 |
|     genblk1[115].mod2  |     0.004 |
|     genblk1[116].mod2  |     0.002 |
|     genblk1[117].mod2  |    <0.001 |
|     genblk1[118].mod2  |    <0.001 |
|     genblk1[119].mod2  |    <0.001 |
|     genblk1[11].mod2   |     0.000 |
|     genblk1[120].mod2  |    <0.001 |
|     genblk1[121].mod2  |    <0.001 |
|     genblk1[122].mod2  |    <0.001 |
|     genblk1[123].mod2  |    <0.001 |
|     genblk1[124].mod2  |    <0.001 |
|     genblk1[125].mod2  |    <0.001 |
|     genblk1[126].mod2  |    <0.001 |
|     genblk1[127].mod2  |    <0.001 |
|     genblk1[128].mod2  |    <0.001 |
|     genblk1[129].mod2  |    <0.001 |
|     genblk1[12].mod2   |     0.000 |
|     genblk1[130].mod2  |    <0.001 |
|     genblk1[131].mod2  |    <0.001 |
|     genblk1[132].mod2  |    <0.001 |
|     genblk1[133].mod2  |    <0.001 |
|     genblk1[134].mod2  |    <0.001 |
|     genblk1[135].mod2  |    <0.001 |
|     genblk1[136].mod2  |    <0.001 |
|     genblk1[137].mod2  |    <0.001 |
|     genblk1[138].mod2  |    <0.001 |
|     genblk1[139].mod2  |    <0.001 |
|     genblk1[13].mod2   |     0.000 |
|     genblk1[140].mod2  |    <0.001 |
|     genblk1[141].mod2  |    <0.001 |
|     genblk1[142].mod2  |    <0.001 |
|     genblk1[143].mod2  |    <0.001 |
|     genblk1[144].mod2  |    <0.001 |
|     genblk1[145].mod2  |     0.056 |
|     genblk1[147].mod2  |    <0.001 |
|     genblk1[148].mod2  |     0.000 |
|     genblk1[14].mod2   |     0.000 |
|     genblk1[15].mod2   |    <0.001 |
|     genblk1[16].mod2   |    <0.001 |
|     genblk1[17].mod2   |    <0.001 |
|     genblk1[18].mod2   |    <0.001 |
|     genblk1[19].mod2   |    <0.001 |
|     genblk1[1].mod2    |    <0.001 |
|     genblk1[20].mod2   |    <0.001 |
|     genblk1[21].mod2   |    <0.001 |
|     genblk1[22].mod2   |    <0.001 |
|     genblk1[23].mod2   |    <0.001 |
|     genblk1[24].mod2   |    <0.001 |
|     genblk1[25].mod2   |    <0.001 |
|     genblk1[26].mod2   |    <0.001 |
|     genblk1[27].mod2   |    <0.001 |
|     genblk1[28].mod2   |    <0.001 |
|     genblk1[29].mod2   |    <0.001 |
|     genblk1[2].mod2    |    <0.001 |
|     genblk1[30].mod2   |    <0.001 |
|     genblk1[31].mod2   |     0.000 |
|     genblk1[32].mod2   |     0.000 |
|     genblk1[33].mod2   |     0.000 |
|     genblk1[34].mod2   |     0.000 |
|     genblk1[35].mod2   |     0.000 |
|     genblk1[36].mod2   |     0.000 |
|     genblk1[37].mod2   |     0.000 |
|     genblk1[38].mod2   |     0.000 |
|     genblk1[39].mod2   |    <0.001 |
|     genblk1[3].mod2    |     0.000 |
|     genblk1[40].mod2   |    <0.001 |
|     genblk1[41].mod2   |    <0.001 |
|     genblk1[42].mod2   |    <0.001 |
|     genblk1[43].mod2   |    <0.001 |
|     genblk1[44].mod2   |    <0.001 |
|     genblk1[45].mod2   |    <0.001 |
|     genblk1[46].mod2   |    <0.001 |
|     genblk1[47].mod2   |    <0.001 |
|     genblk1[48].mod2   |     0.002 |
|     genblk1[49].mod2   |    <0.001 |
|     genblk1[4].mod2    |     0.000 |
|     genblk1[50].mod2   |     0.052 |
|     genblk1[51].mod2   |     0.027 |
|     genblk1[52].mod2   |    <0.001 |
|     genblk1[53].mod2   |     0.005 |
|     genblk1[54].mod2   |    <0.001 |
|     genblk1[55].mod2   |    <0.001 |
|     genblk1[56].mod2   |    <0.001 |
|     genblk1[57].mod2   |    <0.001 |
|     genblk1[58].mod2   |    <0.001 |
|     genblk1[59].mod2   |    <0.001 |
|     genblk1[5].mod2    |     0.000 |
|     genblk1[60].mod2   |    <0.001 |
|     genblk1[61].mod2   |    <0.001 |
|     genblk1[62].mod2   |    <0.001 |
|     genblk1[63].mod2   |    <0.001 |
|     genblk1[64].mod2   |    <0.001 |
|     genblk1[65].mod2   |    <0.001 |
|     genblk1[66].mod2   |    <0.001 |
|     genblk1[67].mod2   |    <0.001 |
|     genblk1[68].mod2   |    <0.001 |
|     genblk1[69].mod2   |    <0.001 |
|     genblk1[6].mod2    |     0.000 |
|     genblk1[70].mod2   |    <0.001 |
|     genblk1[71].mod2   |    <0.001 |
|     genblk1[72].mod2   |    <0.001 |
|     genblk1[73].mod2   |    <0.001 |
|     genblk1[74].mod2   |    <0.001 |
|     genblk1[75].mod2   |    <0.001 |
|     genblk1[76].mod2   |    <0.001 |
|     genblk1[77].mod2   |    <0.001 |
|     genblk1[78].mod2   |    <0.001 |
|     genblk1[79].mod2   |    <0.001 |
|     genblk1[7].mod2    |    <0.001 |
|     genblk1[80].mod2   |    <0.001 |
|     genblk1[81].mod2   |    <0.001 |
|     genblk1[82].mod2   |     0.021 |
|     genblk1[83].mod2   |     0.011 |
|     genblk1[84].mod2   |    <0.001 |
|     genblk1[85].mod2   |    <0.001 |
|     genblk1[86].mod2   |     0.001 |
|     genblk1[87].mod2   |    <0.001 |
|     genblk1[88].mod2   |    <0.001 |
|     genblk1[89].mod2   |    <0.001 |
|     genblk1[8].mod2    |    <0.001 |
|     genblk1[90].mod2   |    <0.001 |
|     genblk1[91].mod2   |    <0.001 |
|     genblk1[92].mod2   |    <0.001 |
|     genblk1[93].mod2   |    <0.001 |
|     genblk1[94].mod2   |    <0.001 |
|     genblk1[95].mod2   |    <0.001 |
|     genblk1[96].mod2   |    <0.001 |
|     genblk1[97].mod2   |    <0.001 |
|     genblk1[98].mod2   |    <0.001 |
|     genblk1[99].mod2   |    <0.001 |
|     genblk1[9].mod2    |    <0.001 |
|   ID_EX                |     0.096 |
|     genblk1[0].mod2    |     0.000 |
|     genblk1[100].mod2  |     0.001 |
|     genblk1[101].mod2  |    <0.001 |
|     genblk1[102].mod2  |    <0.001 |
|     genblk1[103].mod2  |    <0.001 |
|     genblk1[104].mod2  |    <0.001 |
|     genblk1[105].mod2  |    <0.001 |
|     genblk1[106].mod2  |    <0.001 |
|     genblk1[107].mod2  |    <0.001 |
|     genblk1[108].mod2  |    <0.001 |
|     genblk1[109].mod2  |    <0.001 |
|     genblk1[110].mod2  |    <0.001 |
|     genblk1[111].mod2  |    <0.001 |
|     genblk1[112].mod2  |    <0.001 |
|     genblk1[113].mod2  |    <0.001 |
|     genblk1[114].mod2  |    <0.001 |
|     genblk1[115].mod2  |    <0.001 |
|     genblk1[116].mod2  |    <0.001 |
|     genblk1[117].mod2  |    <0.001 |
|     genblk1[118].mod2  |    <0.001 |
|     genblk1[119].mod2  |    <0.001 |
|     genblk1[120].mod2  |    <0.001 |
|     genblk1[121].mod2  |    <0.001 |
|     genblk1[122].mod2  |    <0.001 |
|     genblk1[123].mod2  |    <0.001 |
|     genblk1[124].mod2  |    <0.001 |
|     genblk1[125].mod2  |    <0.001 |
|     genblk1[126].mod2  |     0.000 |
|     genblk1[127].mod2  |    <0.001 |
|     genblk1[128].mod2  |    <0.001 |
|     genblk1[129].mod2  |     0.038 |
|     genblk1[130].mod2  |     0.016 |
|     genblk1[131].mod2  |     0.008 |
|     genblk1[132].mod2  |     0.004 |
|     genblk1[133].mod2  |     0.003 |
|     genblk1[134].mod2  |     0.001 |
|     genblk1[135].mod2  |    <0.001 |
|     genblk1[136].mod2  |    <0.001 |
|     genblk1[137].mod2  |    <0.001 |
|     genblk1[138].mod2  |    <0.001 |
|     genblk1[139].mod2  |    <0.001 |
|     genblk1[140].mod2  |    <0.001 |
|     genblk1[141].mod2  |    <0.001 |
|     genblk1[142].mod2  |    <0.001 |
|     genblk1[143].mod2  |    <0.001 |
|     genblk1[144].mod2  |    <0.001 |
|     genblk1[145].mod2  |    <0.001 |
|     genblk1[146].mod2  |    <0.001 |
|     genblk1[147].mod2  |    <0.001 |
|     genblk1[148].mod2  |    <0.001 |
|     genblk1[149].mod2  |    <0.001 |
|     genblk1[150].mod2  |    <0.001 |
|     genblk1[151].mod2  |    <0.001 |
|     genblk1[152].mod2  |    <0.001 |
|     genblk1[153].mod2  |    <0.001 |
|     genblk1[154].mod2  |    <0.001 |
|     genblk1[155].mod2  |    <0.001 |
|     genblk1[156].mod2  |    <0.001 |
|     genblk1[157].mod2  |    <0.001 |
|     genblk1[158].mod2  |    <0.001 |
|     genblk1[159].mod2  |     0.000 |
|     genblk1[15].mod2   |     0.000 |
|     genblk1[160].mod2  |     0.000 |
|     genblk1[161].mod2  |     0.000 |
|     genblk1[162].mod2  |    <0.001 |
|     genblk1[163].mod2  |    <0.001 |
|     genblk1[164].mod2  |     0.000 |
|     genblk1[166].mod2  |    <0.001 |
|     genblk1[167].mod2  |     0.000 |
|     genblk1[168].mod2  |     0.000 |
|     genblk1[16].mod2   |     0.000 |
|     genblk1[17].mod2   |     0.000 |
|     genblk1[18].mod2   |     0.000 |
|     genblk1[19].mod2   |     0.000 |
|     genblk1[1].mod2    |     0.000 |
|     genblk1[20].mod2   |     0.000 |
|     genblk1[21].mod2   |     0.003 |
|     genblk1[22].mod2   |     0.000 |
|     genblk1[23].mod2   |     0.000 |
|     genblk1[24].mod2   |     0.000 |
|     genblk1[25].mod2   |     0.000 |
|     genblk1[26].mod2   |     0.000 |
|     genblk1[27].mod2   |     0.000 |
|     genblk1[28].mod2   |     0.000 |
|     genblk1[29].mod2   |     0.000 |
|     genblk1[2].mod2    |     0.000 |
|     genblk1[30].mod2   |     0.000 |
|     genblk1[31].mod2   |    <0.001 |
|     genblk1[32].mod2   |    <0.001 |
|     genblk1[33].mod2   |     0.005 |
|     genblk1[34].mod2   |    <0.001 |
|     genblk1[35].mod2   |     0.003 |
|     genblk1[36].mod2   |    <0.001 |
|     genblk1[37].mod2   |    <0.001 |
|     genblk1[38].mod2   |    <0.001 |
|     genblk1[39].mod2   |    <0.001 |
|     genblk1[3].mod2    |     0.000 |
|     genblk1[40].mod2   |    <0.001 |
|     genblk1[41].mod2   |    <0.001 |
|     genblk1[42].mod2   |    <0.001 |
|     genblk1[43].mod2   |    <0.001 |
|     genblk1[44].mod2   |    <0.001 |
|     genblk1[45].mod2   |    <0.001 |
|     genblk1[46].mod2   |    <0.001 |
|     genblk1[47].mod2   |    <0.001 |
|     genblk1[48].mod2   |    <0.001 |
|     genblk1[49].mod2   |    <0.001 |
|     genblk1[4].mod2    |     0.000 |
|     genblk1[50].mod2   |    <0.001 |
|     genblk1[51].mod2   |    <0.001 |
|     genblk1[52].mod2   |    <0.001 |
|     genblk1[53].mod2   |    <0.001 |
|     genblk1[54].mod2   |    <0.001 |
|     genblk1[55].mod2   |    <0.001 |
|     genblk1[56].mod2   |    <0.001 |
|     genblk1[57].mod2   |    <0.001 |
|     genblk1[58].mod2   |    <0.001 |
|     genblk1[59].mod2   |    <0.001 |
|     genblk1[5].mod2    |     0.000 |
|     genblk1[60].mod2   |    <0.001 |
|     genblk1[61].mod2   |    <0.001 |
|     genblk1[62].mod2   |    <0.001 |
|     genblk1[63].mod2   |     0.000 |
|     genblk1[64].mod2   |     0.000 |
|     genblk1[65].mod2   |     0.000 |
|     genblk1[66].mod2   |     0.000 |
|     genblk1[67].mod2   |     0.000 |
|     genblk1[68].mod2   |     0.000 |
|     genblk1[69].mod2   |     0.000 |
|     genblk1[6].mod2    |     0.000 |
|     genblk1[70].mod2   |     0.000 |
|     genblk1[71].mod2   |     0.000 |
|     genblk1[72].mod2   |     0.000 |
|     genblk1[73].mod2   |     0.000 |
|     genblk1[74].mod2   |     0.000 |
|     genblk1[75].mod2   |     0.000 |
|     genblk1[76].mod2   |     0.000 |
|     genblk1[77].mod2   |     0.000 |
|     genblk1[78].mod2   |     0.000 |
|     genblk1[79].mod2   |     0.000 |
|     genblk1[7].mod2    |     0.000 |
|     genblk1[80].mod2   |     0.000 |
|     genblk1[81].mod2   |     0.000 |
|     genblk1[82].mod2   |     0.000 |
|     genblk1[83].mod2   |     0.000 |
|     genblk1[84].mod2   |     0.000 |
|     genblk1[85].mod2   |     0.000 |
|     genblk1[86].mod2   |     0.000 |
|     genblk1[87].mod2   |     0.000 |
|     genblk1[88].mod2   |     0.000 |
|     genblk1[89].mod2   |     0.000 |
|     genblk1[8].mod2    |     0.000 |
|     genblk1[90].mod2   |     0.000 |
|     genblk1[91].mod2   |     0.000 |
|     genblk1[92].mod2   |     0.000 |
|     genblk1[93].mod2   |     0.000 |
|     genblk1[94].mod2   |     0.000 |
|     genblk1[95].mod2   |     0.000 |
|     genblk1[96].mod2   |    <0.001 |
|     genblk1[97].mod2   |     0.005 |
|     genblk1[98].mod2   |     0.006 |
|     genblk1[99].mod2   |     0.001 |
|     genblk1[9].mod2    |     0.000 |
|   IF_ID                |     0.013 |
|     genblk1[0].mod2    |     0.000 |
|     genblk1[10].mod2   |     0.000 |
|     genblk1[11].mod2   |     0.000 |
|     genblk1[12].mod2   |     0.000 |
|     genblk1[13].mod2   |     0.000 |
|     genblk1[14].mod2   |     0.000 |
|     genblk1[15].mod2   |     0.000 |
|     genblk1[16].mod2   |     0.000 |
|     genblk1[17].mod2   |     0.000 |
|     genblk1[18].mod2   |     0.000 |
|     genblk1[19].mod2   |     0.000 |
|     genblk1[1].mod2    |     0.000 |
|     genblk1[20].mod2   |     0.000 |
|     genblk1[21].mod2   |     0.000 |
|     genblk1[22].mod2   |     0.000 |
|     genblk1[23].mod2   |     0.000 |
|     genblk1[24].mod2   |     0.000 |
|     genblk1[25].mod2   |     0.000 |
|     genblk1[26].mod2   |     0.000 |
|     genblk1[27].mod2   |     0.000 |
|     genblk1[28].mod2   |     0.000 |
|     genblk1[29].mod2   |     0.000 |
|     genblk1[2].mod2    |     0.000 |
|     genblk1[30].mod2   |     0.000 |
|     genblk1[31].mod2   |     0.000 |
|     genblk1[32].mod2   |    <0.001 |
|     genblk1[33].mod2   |    <0.001 |
|     genblk1[34].mod2   |     0.007 |
|     genblk1[35].mod2   |     0.003 |
|     genblk1[36].mod2   |     0.001 |
|     genblk1[37].mod2   |    <0.001 |
|     genblk1[38].mod2   |    <0.001 |
|     genblk1[39].mod2   |    <0.001 |
|     genblk1[3].mod2    |     0.000 |
|     genblk1[40].mod2   |    <0.001 |
|     genblk1[41].mod2   |    <0.001 |
|     genblk1[42].mod2   |    <0.001 |
|     genblk1[43].mod2   |    <0.001 |
|     genblk1[44].mod2   |    <0.001 |
|     genblk1[45].mod2   |    <0.001 |
|     genblk1[46].mod2   |    <0.001 |
|     genblk1[47].mod2   |    <0.001 |
|     genblk1[48].mod2   |    <0.001 |
|     genblk1[49].mod2   |    <0.001 |
|     genblk1[4].mod2    |     0.000 |
|     genblk1[50].mod2   |    <0.001 |
|     genblk1[51].mod2   |    <0.001 |
|     genblk1[52].mod2   |    <0.001 |
|     genblk1[53].mod2   |    <0.001 |
|     genblk1[54].mod2   |    <0.001 |
|     genblk1[55].mod2   |    <0.001 |
|     genblk1[56].mod2   |    <0.001 |
|     genblk1[57].mod2   |    <0.001 |
|     genblk1[58].mod2   |    <0.001 |
|     genblk1[59].mod2   |    <0.001 |
|     genblk1[5].mod2    |     0.000 |
|     genblk1[60].mod2   |    <0.001 |
|     genblk1[61].mod2   |    <0.001 |
|     genblk1[62].mod2   |    <0.001 |
|     genblk1[63].mod2   |    <0.001 |
|     genblk1[6].mod2    |     0.000 |
|     genblk1[7].mod2    |     0.000 |
|     genblk1[8].mod2    |     0.000 |
|     genblk1[9].mod2    |     0.000 |
|   MEM_WB               |     0.041 |
|     genblk1[0].mod2    |     0.000 |
|     genblk1[100].mod2  |    <0.001 |
|     genblk1[101].mod2  |    <0.001 |
|     genblk1[102].mod2  |    <0.001 |
|     genblk1[103].mod2  |    <0.001 |
|     genblk1[10].mod2   |    <0.001 |
|     genblk1[11].mod2   |    <0.001 |
|     genblk1[12].mod2   |    <0.001 |
|     genblk1[13].mod2   |    <0.001 |
|     genblk1[14].mod2   |    <0.001 |
|     genblk1[15].mod2   |    <0.001 |
|     genblk1[16].mod2   |    <0.001 |
|     genblk1[17].mod2   |    <0.001 |
|     genblk1[18].mod2   |    <0.001 |
|     genblk1[19].mod2   |    <0.001 |
|     genblk1[1].mod2    |     0.000 |
|     genblk1[20].mod2   |    <0.001 |
|     genblk1[21].mod2   |    <0.001 |
|     genblk1[22].mod2   |    <0.001 |
|     genblk1[23].mod2   |    <0.001 |
|     genblk1[24].mod2   |    <0.001 |
|     genblk1[25].mod2   |    <0.001 |
|     genblk1[26].mod2   |    <0.001 |
|     genblk1[27].mod2   |    <0.001 |
|     genblk1[28].mod2   |    <0.001 |
|     genblk1[29].mod2   |    <0.001 |
|     genblk1[2].mod2    |     0.000 |
|     genblk1[30].mod2   |    <0.001 |
|     genblk1[31].mod2   |    <0.001 |
|     genblk1[32].mod2   |    <0.001 |
|     genblk1[33].mod2   |    <0.001 |
|     genblk1[34].mod2   |    <0.001 |
|     genblk1[35].mod2   |    <0.001 |
|     genblk1[36].mod2   |    <0.001 |
|     genblk1[37].mod2   |    <0.001 |
|     genblk1[38].mod2   |     0.000 |
|     genblk1[39].mod2   |     0.000 |
|     genblk1[3].mod2    |     0.000 |
|     genblk1[40].mod2   |     0.000 |
|     genblk1[41].mod2   |     0.000 |
|     genblk1[42].mod2   |     0.000 |
|     genblk1[43].mod2   |     0.000 |
|     genblk1[44].mod2   |     0.000 |
|     genblk1[45].mod2   |     0.000 |
|     genblk1[46].mod2   |     0.000 |
|     genblk1[47].mod2   |     0.000 |
|     genblk1[48].mod2   |     0.000 |
|     genblk1[49].mod2   |     0.000 |
|     genblk1[4].mod2    |    <0.001 |
|     genblk1[50].mod2   |     0.000 |
|     genblk1[51].mod2   |     0.000 |
|     genblk1[52].mod2   |     0.000 |
|     genblk1[53].mod2   |     0.000 |
|     genblk1[54].mod2   |     0.000 |
|     genblk1[55].mod2   |     0.000 |
|     genblk1[56].mod2   |     0.000 |
|     genblk1[57].mod2   |     0.000 |
|     genblk1[58].mod2   |     0.000 |
|     genblk1[59].mod2   |     0.000 |
|     genblk1[5].mod2    |     0.000 |
|     genblk1[60].mod2   |     0.000 |
|     genblk1[61].mod2   |     0.000 |
|     genblk1[62].mod2   |     0.000 |
|     genblk1[63].mod2   |     0.000 |
|     genblk1[64].mod2   |     0.000 |
|     genblk1[65].mod2   |     0.000 |
|     genblk1[66].mod2   |     0.000 |
|     genblk1[67].mod2   |     0.000 |
|     genblk1[68].mod2   |     0.000 |
|     genblk1[69].mod2   |     0.000 |
|     genblk1[6].mod2    |    <0.001 |
|     genblk1[70].mod2   |    <0.001 |
|     genblk1[71].mod2   |    <0.001 |
|     genblk1[72].mod2   |    <0.001 |
|     genblk1[73].mod2   |    <0.001 |
|     genblk1[74].mod2   |     0.034 |
|     genblk1[75].mod2   |     0.004 |
|     genblk1[76].mod2   |     0.001 |
|     genblk1[77].mod2   |    <0.001 |
|     genblk1[78].mod2   |    <0.001 |
|     genblk1[79].mod2   |    <0.001 |
|     genblk1[7].mod2    |    <0.001 |
|     genblk1[80].mod2   |    <0.001 |
|     genblk1[81].mod2   |    <0.001 |
|     genblk1[82].mod2   |    <0.001 |
|     genblk1[83].mod2   |    <0.001 |
|     genblk1[84].mod2   |    <0.001 |
|     genblk1[85].mod2   |    <0.001 |
|     genblk1[86].mod2   |    <0.001 |
|     genblk1[87].mod2   |    <0.001 |
|     genblk1[88].mod2   |    <0.001 |
|     genblk1[89].mod2   |    <0.001 |
|     genblk1[8].mod2    |    <0.001 |
|     genblk1[90].mod2   |    <0.001 |
|     genblk1[91].mod2   |    <0.001 |
|     genblk1[92].mod2   |    <0.001 |
|     genblk1[93].mod2   |    <0.001 |
|     genblk1[94].mod2   |    <0.001 |
|     genblk1[95].mod2   |    <0.001 |
|     genblk1[96].mod2   |    <0.001 |
|     genblk1[97].mod2   |    <0.001 |
|     genblk1[98].mod2   |    <0.001 |
|     genblk1[99].mod2   |    <0.001 |
|     genblk1[9].mod2    |    <0.001 |
|   UART                 |     1.253 |
|     IN0                |     0.141 |
|     IN1                |     0.136 |
|     IN2                |     0.169 |
|     IN3                |     0.133 |
|     IN4                |     0.138 |
|     IN5                |     0.145 |
|     IN6                |     0.144 |
|     IN7                |     0.247 |
|   mod12                |     2.062 |
|   mod14                |     6.069 |
|     genblk1[0].mod2    |     2.907 |
|     genblk1[10].mod2   |     0.003 |
|     genblk1[11].mod2   |     0.003 |
|     genblk1[12].mod2   |     0.005 |
|     genblk1[13].mod2   |     0.004 |
|     genblk1[14].mod2   |     0.003 |
|     genblk1[15].mod2   |     0.004 |
|     genblk1[16].mod2   |     0.003 |
|     genblk1[17].mod2   |     0.004 |
|     genblk1[18].mod2   |     0.004 |
|     genblk1[19].mod2   |     0.005 |
|     genblk1[1].mod2    |     1.714 |
|     genblk1[20].mod2   |     0.005 |
|     genblk1[21].mod2   |     0.003 |
|     genblk1[22].mod2   |     0.004 |
|     genblk1[23].mod2   |     0.002 |
|     genblk1[24].mod2   |     0.002 |
|     genblk1[25].mod2   |     0.002 |
|     genblk1[26].mod2   |     0.004 |
|     genblk1[27].mod2   |     0.005 |
|     genblk1[28].mod2   |     0.004 |
|     genblk1[29].mod2   |     0.003 |
|     genblk1[2].mod2    |     0.690 |
|     genblk1[30].mod2   |     0.004 |
|     genblk1[31].mod2   |     0.005 |
|     genblk1[3].mod2    |     0.336 |
|     genblk1[4].mod2    |     0.189 |
|     genblk1[5].mod2    |     0.052 |
|     genblk1[6].mod2    |     0.081 |
|     genblk1[7].mod2    |     0.013 |
|     genblk1[8].mod2    |     0.003 |
|     genblk1[9].mod2    |     0.006 |
|   mod21                |     0.004 |
|   mod4                 |    <0.001 |
|     genblk1[10].mod1   |     0.000 |
|       genblk1[0].mod2  |     0.000 |
|       genblk1[10].mod2 |     0.000 |
|       genblk1[11].mod2 |     0.000 |
|       genblk1[12].mod2 |     0.000 |
|       genblk1[13].mod2 |     0.000 |
|       genblk1[14].mod2 |     0.000 |
|       genblk1[15].mod2 |     0.000 |
|       genblk1[16].mod2 |     0.000 |
|       genblk1[17].mod2 |     0.000 |
|       genblk1[18].mod2 |     0.000 |
|       genblk1[19].mod2 |     0.000 |
|       genblk1[1].mod2  |     0.000 |
|       genblk1[20].mod2 |     0.000 |
|       genblk1[21].mod2 |     0.000 |
|       genblk1[22].mod2 |     0.000 |
|       genblk1[23].mod2 |     0.000 |
|       genblk1[24].mod2 |     0.000 |
|       genblk1[25].mod2 |     0.000 |
|       genblk1[26].mod2 |     0.000 |
|       genblk1[27].mod2 |     0.000 |
|       genblk1[28].mod2 |     0.000 |
|       genblk1[29].mod2 |     0.000 |
|       genblk1[2].mod2  |     0.000 |
|       genblk1[30].mod2 |     0.000 |
|       genblk1[31].mod2 |     0.000 |
|       genblk1[3].mod2  |     0.000 |
|       genblk1[4].mod2  |     0.000 |
|       genblk1[5].mod2  |     0.000 |
|       genblk1[6].mod2  |     0.000 |
|       genblk1[7].mod2  |     0.000 |
|       genblk1[8].mod2  |     0.000 |
|       genblk1[9].mod2  |     0.000 |
|     genblk1[11].mod1   |    <0.001 |
|       genblk1[0].mod2  |     0.000 |
|       genblk1[10].mod2 |    <0.001 |
|       genblk1[11].mod2 |     0.000 |
|       genblk1[12].mod2 |     0.000 |
|       genblk1[13].mod2 |    <0.001 |
|       genblk1[14].mod2 |    <0.001 |
|       genblk1[15].mod2 |     0.000 |
|       genblk1[16].mod2 |     0.000 |
|       genblk1[17].mod2 |     0.000 |
|       genblk1[18].mod2 |     0.000 |
|       genblk1[19].mod2 |     0.000 |
|       genblk1[1].mod2  |     0.000 |
|       genblk1[20].mod2 |     0.000 |
|       genblk1[21].mod2 |     0.000 |
|       genblk1[22].mod2 |     0.000 |
|       genblk1[23].mod2 |     0.000 |
|       genblk1[24].mod2 |     0.000 |
|       genblk1[25].mod2 |     0.000 |
|       genblk1[26].mod2 |     0.000 |
|       genblk1[27].mod2 |     0.000 |
|       genblk1[28].mod2 |     0.000 |
|       genblk1[29].mod2 |     0.000 |
|       genblk1[2].mod2  |     0.000 |
|       genblk1[30].mod2 |     0.000 |
|       genblk1[31].mod2 |     0.000 |
|       genblk1[3].mod2  |     0.000 |
|       genblk1[4].mod2  |     0.000 |
|       genblk1[5].mod2  |    <0.001 |
|       genblk1[6].mod2  |     0.000 |
|       genblk1[7].mod2  |     0.000 |
|       genblk1[8].mod2  |     0.000 |
|       genblk1[9].mod2  |     0.000 |
|     genblk1[12].mod1   |     0.000 |
|       genblk1[0].mod2  |     0.000 |
|       genblk1[10].mod2 |     0.000 |
|       genblk1[11].mod2 |     0.000 |
|       genblk1[12].mod2 |     0.000 |
|       genblk1[13].mod2 |     0.000 |
|       genblk1[14].mod2 |     0.000 |
|       genblk1[15].mod2 |     0.000 |
|       genblk1[16].mod2 |     0.000 |
|       genblk1[17].mod2 |     0.000 |
|       genblk1[18].mod2 |     0.000 |
|       genblk1[19].mod2 |     0.000 |
|       genblk1[1].mod2  |     0.000 |
|       genblk1[20].mod2 |     0.000 |
|       genblk1[21].mod2 |     0.000 |
|       genblk1[22].mod2 |     0.000 |
|       genblk1[23].mod2 |     0.000 |
|       genblk1[24].mod2 |     0.000 |
|       genblk1[25].mod2 |     0.000 |
|       genblk1[26].mod2 |     0.000 |
|       genblk1[27].mod2 |     0.000 |
|       genblk1[28].mod2 |     0.000 |
|       genblk1[29].mod2 |     0.000 |
|       genblk1[2].mod2  |     0.000 |
|       genblk1[30].mod2 |     0.000 |
|       genblk1[31].mod2 |     0.000 |
|       genblk1[3].mod2  |     0.000 |
|       genblk1[4].mod2  |     0.000 |
|       genblk1[5].mod2  |     0.000 |
|       genblk1[6].mod2  |     0.000 |
|       genblk1[7].mod2  |     0.000 |
|       genblk1[8].mod2  |     0.000 |
|       genblk1[9].mod2  |     0.000 |
|     genblk1[13].mod1   |     0.000 |
|       genblk1[0].mod2  |     0.000 |
|       genblk1[10].mod2 |     0.000 |
|       genblk1[11].mod2 |     0.000 |
|       genblk1[12].mod2 |     0.000 |
|       genblk1[13].mod2 |     0.000 |
|       genblk1[14].mod2 |     0.000 |
|       genblk1[15].mod2 |     0.000 |
|       genblk1[16].mod2 |     0.000 |
|       genblk1[17].mod2 |     0.000 |
|       genblk1[18].mod2 |     0.000 |
|       genblk1[19].mod2 |     0.000 |
|       genblk1[1].mod2  |     0.000 |
|       genblk1[20].mod2 |     0.000 |
|       genblk1[21].mod2 |     0.000 |
|       genblk1[22].mod2 |     0.000 |
|       genblk1[23].mod2 |     0.000 |
|       genblk1[24].mod2 |     0.000 |
|       genblk1[25].mod2 |     0.000 |
|       genblk1[26].mod2 |     0.000 |
|       genblk1[27].mod2 |     0.000 |
|       genblk1[28].mod2 |     0.000 |
|       genblk1[29].mod2 |     0.000 |
|       genblk1[2].mod2  |     0.000 |
|       genblk1[30].mod2 |     0.000 |
|       genblk1[31].mod2 |     0.000 |
|       genblk1[3].mod2  |     0.000 |
|       genblk1[4].mod2  |     0.000 |
|       genblk1[5].mod2  |     0.000 |
|       genblk1[6].mod2  |     0.000 |
|       genblk1[7].mod2  |     0.000 |
|       genblk1[8].mod2  |     0.000 |
|       genblk1[9].mod2  |     0.000 |
|     genblk1[14].mod1   |     0.000 |
|       genblk1[0].mod2  |     0.000 |
|       genblk1[10].mod2 |     0.000 |
|       genblk1[11].mod2 |     0.000 |
|       genblk1[12].mod2 |     0.000 |
|       genblk1[13].mod2 |     0.000 |
|       genblk1[14].mod2 |     0.000 |
|       genblk1[15].mod2 |     0.000 |
|       genblk1[16].mod2 |     0.000 |
|       genblk1[17].mod2 |     0.000 |
|       genblk1[18].mod2 |     0.000 |
|       genblk1[19].mod2 |     0.000 |
|       genblk1[1].mod2  |     0.000 |
|       genblk1[20].mod2 |     0.000 |
|       genblk1[21].mod2 |     0.000 |
|       genblk1[22].mod2 |     0.000 |
|       genblk1[23].mod2 |     0.000 |
|       genblk1[24].mod2 |     0.000 |
|       genblk1[25].mod2 |     0.000 |
|       genblk1[26].mod2 |     0.000 |
|       genblk1[27].mod2 |     0.000 |
|       genblk1[28].mod2 |     0.000 |
|       genblk1[29].mod2 |     0.000 |
|       genblk1[2].mod2  |     0.000 |
|       genblk1[30].mod2 |     0.000 |
|       genblk1[31].mod2 |     0.000 |
|       genblk1[3].mod2  |     0.000 |
|       genblk1[4].mod2  |     0.000 |
|       genblk1[5].mod2  |     0.000 |
|       genblk1[6].mod2  |     0.000 |
|       genblk1[7].mod2  |     0.000 |
|       genblk1[8].mod2  |     0.000 |
|       genblk1[9].mod2  |     0.000 |
|     genblk1[15].mod1   |    <0.001 |
|       genblk1[0].mod2  |     0.000 |
|       genblk1[10].mod2 |     0.000 |
|       genblk1[11].mod2 |     0.000 |
|       genblk1[12].mod2 |     0.000 |
|       genblk1[13].mod2 |    <0.001 |
|       genblk1[14].mod2 |    <0.001 |
|       genblk1[15].mod2 |     0.000 |
|       genblk1[16].mod2 |     0.000 |
|       genblk1[17].mod2 |     0.000 |
|       genblk1[18].mod2 |     0.000 |
|       genblk1[19].mod2 |     0.000 |
|       genblk1[1].mod2  |     0.000 |
|       genblk1[20].mod2 |     0.000 |
|       genblk1[21].mod2 |     0.000 |
|       genblk1[22].mod2 |     0.000 |
|       genblk1[23].mod2 |     0.000 |
|       genblk1[24].mod2 |     0.000 |
|       genblk1[25].mod2 |     0.000 |
|       genblk1[26].mod2 |     0.000 |
|       genblk1[27].mod2 |     0.000 |
|       genblk1[28].mod2 |     0.000 |
|       genblk1[29].mod2 |     0.000 |
|       genblk1[2].mod2  |     0.000 |
|       genblk1[30].mod2 |     0.000 |
|       genblk1[31].mod2 |     0.000 |
|       genblk1[3].mod2  |     0.000 |
|       genblk1[4].mod2  |     0.000 |
|       genblk1[5].mod2  |     0.000 |
|       genblk1[6].mod2  |     0.000 |
|       genblk1[7].mod2  |     0.000 |
|       genblk1[8].mod2  |     0.000 |
|       genblk1[9].mod2  |     0.000 |
|     genblk1[16].mod1   |     0.000 |
|       genblk1[0].mod2  |     0.000 |
|       genblk1[10].mod2 |     0.000 |
|       genblk1[11].mod2 |     0.000 |
|       genblk1[12].mod2 |     0.000 |
|       genblk1[13].mod2 |     0.000 |
|       genblk1[14].mod2 |     0.000 |
|       genblk1[15].mod2 |     0.000 |
|       genblk1[16].mod2 |     0.000 |
|       genblk1[17].mod2 |     0.000 |
|       genblk1[18].mod2 |     0.000 |
|       genblk1[19].mod2 |     0.000 |
|       genblk1[1].mod2  |     0.000 |
|       genblk1[20].mod2 |     0.000 |
|       genblk1[21].mod2 |     0.000 |
|       genblk1[22].mod2 |     0.000 |
|       genblk1[23].mod2 |     0.000 |
|       genblk1[24].mod2 |     0.000 |
|       genblk1[25].mod2 |     0.000 |
|       genblk1[26].mod2 |     0.000 |
|       genblk1[27].mod2 |     0.000 |
|       genblk1[28].mod2 |     0.000 |
|       genblk1[29].mod2 |     0.000 |
|       genblk1[2].mod2  |     0.000 |
|       genblk1[30].mod2 |     0.000 |
|       genblk1[31].mod2 |     0.000 |
|       genblk1[3].mod2  |     0.000 |
|       genblk1[4].mod2  |     0.000 |
|       genblk1[5].mod2  |     0.000 |
|       genblk1[6].mod2  |     0.000 |
|       genblk1[7].mod2  |     0.000 |
|       genblk1[8].mod2  |     0.000 |
|       genblk1[9].mod2  |     0.000 |
|     genblk1[17].mod1   |     0.000 |
|       genblk1[0].mod2  |     0.000 |
|       genblk1[10].mod2 |     0.000 |
|       genblk1[11].mod2 |     0.000 |
|       genblk1[12].mod2 |     0.000 |
|       genblk1[13].mod2 |     0.000 |
|       genblk1[14].mod2 |     0.000 |
|       genblk1[15].mod2 |     0.000 |
|       genblk1[16].mod2 |     0.000 |
|       genblk1[17].mod2 |     0.000 |
|       genblk1[18].mod2 |     0.000 |
|       genblk1[19].mod2 |     0.000 |
|       genblk1[1].mod2  |     0.000 |
|       genblk1[20].mod2 |     0.000 |
|       genblk1[21].mod2 |     0.000 |
|       genblk1[22].mod2 |     0.000 |
|       genblk1[23].mod2 |     0.000 |
|       genblk1[24].mod2 |     0.000 |
|       genblk1[25].mod2 |     0.000 |
|       genblk1[26].mod2 |     0.000 |
|       genblk1[27].mod2 |     0.000 |
|       genblk1[28].mod2 |     0.000 |
|       genblk1[29].mod2 |     0.000 |
|       genblk1[2].mod2  |     0.000 |
|       genblk1[30].mod2 |     0.000 |
|       genblk1[31].mod2 |     0.000 |
|       genblk1[3].mod2  |     0.000 |
|       genblk1[4].mod2  |     0.000 |
|       genblk1[5].mod2  |     0.000 |
|       genblk1[6].mod2  |     0.000 |
|       genblk1[7].mod2  |     0.000 |
|       genblk1[8].mod2  |     0.000 |
|       genblk1[9].mod2  |     0.000 |
|     genblk1[18].mod1   |     0.000 |
|       genblk1[0].mod2  |     0.000 |
|       genblk1[10].mod2 |     0.000 |
|       genblk1[11].mod2 |     0.000 |
|       genblk1[12].mod2 |     0.000 |
|       genblk1[13].mod2 |     0.000 |
|       genblk1[14].mod2 |     0.000 |
|       genblk1[15].mod2 |     0.000 |
|       genblk1[16].mod2 |     0.000 |
|       genblk1[17].mod2 |     0.000 |
|       genblk1[18].mod2 |     0.000 |
|       genblk1[19].mod2 |     0.000 |
|       genblk1[1].mod2  |     0.000 |
|       genblk1[20].mod2 |     0.000 |
|       genblk1[21].mod2 |     0.000 |
|       genblk1[22].mod2 |     0.000 |
|       genblk1[23].mod2 |     0.000 |
|       genblk1[24].mod2 |     0.000 |
|       genblk1[25].mod2 |     0.000 |
|       genblk1[26].mod2 |     0.000 |
|       genblk1[27].mod2 |     0.000 |
|       genblk1[28].mod2 |     0.000 |
|       genblk1[29].mod2 |     0.000 |
|       genblk1[2].mod2  |     0.000 |
|       genblk1[30].mod2 |     0.000 |
|       genblk1[31].mod2 |     0.000 |
|       genblk1[3].mod2  |     0.000 |
|       genblk1[4].mod2  |     0.000 |
|       genblk1[5].mod2  |     0.000 |
|       genblk1[6].mod2  |     0.000 |
|       genblk1[7].mod2  |     0.000 |
|       genblk1[8].mod2  |     0.000 |
|       genblk1[9].mod2  |     0.000 |
|     genblk1[19].mod1   |     0.000 |
|       genblk1[0].mod2  |     0.000 |
|       genblk1[10].mod2 |     0.000 |
|       genblk1[11].mod2 |     0.000 |
|       genblk1[12].mod2 |     0.000 |
|       genblk1[13].mod2 |     0.000 |
|       genblk1[14].mod2 |     0.000 |
|       genblk1[15].mod2 |     0.000 |
|       genblk1[16].mod2 |     0.000 |
|       genblk1[17].mod2 |     0.000 |
|       genblk1[18].mod2 |     0.000 |
|       genblk1[19].mod2 |     0.000 |
|       genblk1[1].mod2  |     0.000 |
|       genblk1[20].mod2 |     0.000 |
|       genblk1[21].mod2 |     0.000 |
|       genblk1[22].mod2 |     0.000 |
|       genblk1[23].mod2 |     0.000 |
|       genblk1[24].mod2 |     0.000 |
|       genblk1[25].mod2 |     0.000 |
|       genblk1[26].mod2 |     0.000 |
|       genblk1[27].mod2 |     0.000 |
|       genblk1[28].mod2 |     0.000 |
|       genblk1[29].mod2 |     0.000 |
|       genblk1[2].mod2  |     0.000 |
|       genblk1[30].mod2 |     0.000 |
|       genblk1[31].mod2 |     0.000 |
|       genblk1[3].mod2  |     0.000 |
|       genblk1[4].mod2  |     0.000 |
|       genblk1[5].mod2  |     0.000 |
|       genblk1[6].mod2  |     0.000 |
|       genblk1[7].mod2  |     0.000 |
|       genblk1[8].mod2  |     0.000 |
|       genblk1[9].mod2  |     0.000 |
|     genblk1[1].mod1    |     0.000 |
|       genblk1[0].mod2  |     0.000 |
|       genblk1[10].mod2 |     0.000 |
|       genblk1[11].mod2 |     0.000 |
|       genblk1[12].mod2 |     0.000 |
|       genblk1[13].mod2 |     0.000 |
|       genblk1[14].mod2 |     0.000 |
|       genblk1[15].mod2 |     0.000 |
|       genblk1[16].mod2 |     0.000 |
|       genblk1[17].mod2 |     0.000 |
|       genblk1[18].mod2 |     0.000 |
|       genblk1[19].mod2 |     0.000 |
|       genblk1[1].mod2  |     0.000 |
|       genblk1[20].mod2 |     0.000 |
|       genblk1[21].mod2 |     0.000 |
|       genblk1[22].mod2 |     0.000 |
|       genblk1[23].mod2 |     0.000 |
|       genblk1[24].mod2 |     0.000 |
|       genblk1[25].mod2 |     0.000 |
|       genblk1[26].mod2 |     0.000 |
|       genblk1[27].mod2 |     0.000 |
|       genblk1[28].mod2 |     0.000 |
|       genblk1[29].mod2 |     0.000 |
|       genblk1[2].mod2  |     0.000 |
|       genblk1[30].mod2 |     0.000 |
|       genblk1[31].mod2 |     0.000 |
|       genblk1[3].mod2  |     0.000 |
|       genblk1[4].mod2  |     0.000 |
|       genblk1[5].mod2  |     0.000 |
|       genblk1[6].mod2  |     0.000 |
|       genblk1[7].mod2  |     0.000 |
|       genblk1[8].mod2  |     0.000 |
|       genblk1[9].mod2  |     0.000 |
|     genblk1[20].mod1   |     0.000 |
|       genblk1[0].mod2  |     0.000 |
|       genblk1[10].mod2 |     0.000 |
|       genblk1[11].mod2 |     0.000 |
|       genblk1[12].mod2 |     0.000 |
|       genblk1[13].mod2 |     0.000 |
|       genblk1[14].mod2 |     0.000 |
|       genblk1[15].mod2 |     0.000 |
|       genblk1[16].mod2 |     0.000 |
|       genblk1[17].mod2 |     0.000 |
|       genblk1[18].mod2 |     0.000 |
|       genblk1[19].mod2 |     0.000 |
|       genblk1[1].mod2  |     0.000 |
|       genblk1[20].mod2 |     0.000 |
|       genblk1[21].mod2 |     0.000 |
|       genblk1[22].mod2 |     0.000 |
|       genblk1[23].mod2 |     0.000 |
|       genblk1[24].mod2 |     0.000 |
|       genblk1[25].mod2 |     0.000 |
|       genblk1[26].mod2 |     0.000 |
|       genblk1[27].mod2 |     0.000 |
|       genblk1[28].mod2 |     0.000 |
|       genblk1[29].mod2 |     0.000 |
|       genblk1[2].mod2  |     0.000 |
|       genblk1[30].mod2 |     0.000 |
|       genblk1[31].mod2 |     0.000 |
|       genblk1[3].mod2  |     0.000 |
|       genblk1[4].mod2  |     0.000 |
|       genblk1[5].mod2  |     0.000 |
|       genblk1[6].mod2  |     0.000 |
|       genblk1[7].mod2  |     0.000 |
|       genblk1[8].mod2  |     0.000 |
|       genblk1[9].mod2  |     0.000 |
|     genblk1[21].mod1   |     0.000 |
|       genblk1[0].mod2  |     0.000 |
|       genblk1[10].mod2 |     0.000 |
|       genblk1[11].mod2 |     0.000 |
|       genblk1[12].mod2 |     0.000 |
|       genblk1[13].mod2 |     0.000 |
|       genblk1[14].mod2 |     0.000 |
|       genblk1[15].mod2 |     0.000 |
|       genblk1[16].mod2 |     0.000 |
|       genblk1[17].mod2 |     0.000 |
|       genblk1[18].mod2 |     0.000 |
|       genblk1[19].mod2 |     0.000 |
|       genblk1[1].mod2  |     0.000 |
|       genblk1[20].mod2 |     0.000 |
|       genblk1[21].mod2 |     0.000 |
|       genblk1[22].mod2 |     0.000 |
|       genblk1[23].mod2 |     0.000 |
|       genblk1[24].mod2 |     0.000 |
|       genblk1[25].mod2 |     0.000 |
|       genblk1[26].mod2 |     0.000 |
|       genblk1[27].mod2 |     0.000 |
|       genblk1[28].mod2 |     0.000 |
|       genblk1[29].mod2 |     0.000 |
|       genblk1[2].mod2  |     0.000 |
|       genblk1[30].mod2 |     0.000 |
|       genblk1[31].mod2 |     0.000 |
|       genblk1[3].mod2  |     0.000 |
|       genblk1[4].mod2  |     0.000 |
|       genblk1[5].mod2  |     0.000 |
|       genblk1[6].mod2  |     0.000 |
|       genblk1[7].mod2  |     0.000 |
|       genblk1[8].mod2  |     0.000 |
|       genblk1[9].mod2  |     0.000 |
|     genblk1[22].mod1   |     0.000 |
|       genblk1[0].mod2  |     0.000 |
|       genblk1[10].mod2 |     0.000 |
|       genblk1[11].mod2 |     0.000 |
|       genblk1[12].mod2 |     0.000 |
|       genblk1[13].mod2 |     0.000 |
|       genblk1[14].mod2 |     0.000 |
|       genblk1[15].mod2 |     0.000 |
|       genblk1[16].mod2 |     0.000 |
|       genblk1[17].mod2 |     0.000 |
|       genblk1[18].mod2 |     0.000 |
|       genblk1[19].mod2 |     0.000 |
|       genblk1[1].mod2  |     0.000 |
|       genblk1[20].mod2 |     0.000 |
|       genblk1[21].mod2 |     0.000 |
|       genblk1[22].mod2 |     0.000 |
|       genblk1[23].mod2 |     0.000 |
|       genblk1[24].mod2 |     0.000 |
|       genblk1[25].mod2 |     0.000 |
|       genblk1[26].mod2 |     0.000 |
|       genblk1[27].mod2 |     0.000 |
|       genblk1[28].mod2 |     0.000 |
|       genblk1[29].mod2 |     0.000 |
|       genblk1[2].mod2  |     0.000 |
|       genblk1[30].mod2 |     0.000 |
|       genblk1[31].mod2 |     0.000 |
|       genblk1[3].mod2  |     0.000 |
|       genblk1[4].mod2  |     0.000 |
|       genblk1[5].mod2  |     0.000 |
|       genblk1[6].mod2  |     0.000 |
|       genblk1[7].mod2  |     0.000 |
|       genblk1[8].mod2  |     0.000 |
|       genblk1[9].mod2  |     0.000 |
|     genblk1[23].mod1   |     0.000 |
|       genblk1[0].mod2  |     0.000 |
|       genblk1[10].mod2 |     0.000 |
|       genblk1[11].mod2 |     0.000 |
|       genblk1[12].mod2 |     0.000 |
|       genblk1[13].mod2 |     0.000 |
|       genblk1[14].mod2 |     0.000 |
|       genblk1[15].mod2 |     0.000 |
|       genblk1[16].mod2 |     0.000 |
|       genblk1[17].mod2 |     0.000 |
|       genblk1[18].mod2 |     0.000 |
|       genblk1[19].mod2 |     0.000 |
|       genblk1[1].mod2  |     0.000 |
|       genblk1[20].mod2 |     0.000 |
|       genblk1[21].mod2 |     0.000 |
|       genblk1[22].mod2 |     0.000 |
|       genblk1[23].mod2 |     0.000 |
|       genblk1[24].mod2 |     0.000 |
|       genblk1[25].mod2 |     0.000 |
|       genblk1[26].mod2 |     0.000 |
|       genblk1[27].mod2 |     0.000 |
|       genblk1[28].mod2 |     0.000 |
|       genblk1[29].mod2 |     0.000 |
|       genblk1[2].mod2  |     0.000 |
|       genblk1[30].mod2 |     0.000 |
|       genblk1[31].mod2 |     0.000 |
|       genblk1[3].mod2  |     0.000 |
|       genblk1[4].mod2  |     0.000 |
|       genblk1[5].mod2  |     0.000 |
|       genblk1[6].mod2  |     0.000 |
|       genblk1[7].mod2  |     0.000 |
|       genblk1[8].mod2  |     0.000 |
|       genblk1[9].mod2  |     0.000 |
|     genblk1[24].mod1   |     0.000 |
|       genblk1[0].mod2  |     0.000 |
|       genblk1[10].mod2 |     0.000 |
|       genblk1[11].mod2 |     0.000 |
|       genblk1[12].mod2 |     0.000 |
|       genblk1[13].mod2 |     0.000 |
|       genblk1[14].mod2 |     0.000 |
|       genblk1[15].mod2 |     0.000 |
|       genblk1[16].mod2 |     0.000 |
|       genblk1[17].mod2 |     0.000 |
|       genblk1[18].mod2 |     0.000 |
|       genblk1[19].mod2 |     0.000 |
|       genblk1[1].mod2  |     0.000 |
|       genblk1[20].mod2 |     0.000 |
|       genblk1[21].mod2 |     0.000 |
|       genblk1[22].mod2 |     0.000 |
|       genblk1[23].mod2 |     0.000 |
|       genblk1[24].mod2 |     0.000 |
|       genblk1[25].mod2 |     0.000 |
|       genblk1[26].mod2 |     0.000 |
|       genblk1[27].mod2 |     0.000 |
|       genblk1[28].mod2 |     0.000 |
|       genblk1[29].mod2 |     0.000 |
|       genblk1[2].mod2  |     0.000 |
|       genblk1[30].mod2 |     0.000 |
|       genblk1[31].mod2 |     0.000 |
|       genblk1[3].mod2  |     0.000 |
|       genblk1[4].mod2  |     0.000 |
|       genblk1[5].mod2  |     0.000 |
|       genblk1[6].mod2  |     0.000 |
|       genblk1[7].mod2  |     0.000 |
|       genblk1[8].mod2  |     0.000 |
|       genblk1[9].mod2  |     0.000 |
|     genblk1[25].mod1   |     0.000 |
|       genblk1[0].mod2  |     0.000 |
|       genblk1[10].mod2 |     0.000 |
|       genblk1[11].mod2 |     0.000 |
|       genblk1[12].mod2 |     0.000 |
|       genblk1[13].mod2 |     0.000 |
|       genblk1[14].mod2 |     0.000 |
|       genblk1[15].mod2 |     0.000 |
|       genblk1[16].mod2 |     0.000 |
|       genblk1[17].mod2 |     0.000 |
|       genblk1[18].mod2 |     0.000 |
|       genblk1[19].mod2 |     0.000 |
|       genblk1[1].mod2  |     0.000 |
|       genblk1[20].mod2 |     0.000 |
|       genblk1[21].mod2 |     0.000 |
|       genblk1[22].mod2 |     0.000 |
|       genblk1[23].mod2 |     0.000 |
|       genblk1[24].mod2 |     0.000 |
|       genblk1[25].mod2 |     0.000 |
|       genblk1[26].mod2 |     0.000 |
|       genblk1[27].mod2 |     0.000 |
|       genblk1[28].mod2 |     0.000 |
|       genblk1[29].mod2 |     0.000 |
|       genblk1[2].mod2  |     0.000 |
|       genblk1[30].mod2 |     0.000 |
|       genblk1[31].mod2 |     0.000 |
|       genblk1[3].mod2  |     0.000 |
|       genblk1[4].mod2  |     0.000 |
|       genblk1[5].mod2  |     0.000 |
|       genblk1[6].mod2  |     0.000 |
|       genblk1[7].mod2  |     0.000 |
|       genblk1[8].mod2  |     0.000 |
|       genblk1[9].mod2  |     0.000 |
|     genblk1[26].mod1   |     0.000 |
|       genblk1[0].mod2  |     0.000 |
|       genblk1[10].mod2 |     0.000 |
|       genblk1[11].mod2 |     0.000 |
|       genblk1[12].mod2 |     0.000 |
|       genblk1[13].mod2 |     0.000 |
|       genblk1[14].mod2 |     0.000 |
|       genblk1[15].mod2 |     0.000 |
|       genblk1[16].mod2 |     0.000 |
|       genblk1[17].mod2 |     0.000 |
|       genblk1[18].mod2 |     0.000 |
|       genblk1[19].mod2 |     0.000 |
|       genblk1[1].mod2  |     0.000 |
|       genblk1[20].mod2 |     0.000 |
|       genblk1[21].mod2 |     0.000 |
|       genblk1[22].mod2 |     0.000 |
|       genblk1[23].mod2 |     0.000 |
|       genblk1[24].mod2 |     0.000 |
|       genblk1[25].mod2 |     0.000 |
|       genblk1[26].mod2 |     0.000 |
|       genblk1[27].mod2 |     0.000 |
|       genblk1[28].mod2 |     0.000 |
|       genblk1[29].mod2 |     0.000 |
|       genblk1[2].mod2  |     0.000 |
|       genblk1[30].mod2 |     0.000 |
|       genblk1[31].mod2 |     0.000 |
|       genblk1[3].mod2  |     0.000 |
|       genblk1[4].mod2  |     0.000 |
|       genblk1[5].mod2  |     0.000 |
|       genblk1[6].mod2  |     0.000 |
|       genblk1[7].mod2  |     0.000 |
|       genblk1[8].mod2  |     0.000 |
|       genblk1[9].mod2  |     0.000 |
|     genblk1[27].mod1   |    <0.001 |
|       genblk1[0].mod2  |     0.000 |
|       genblk1[10].mod2 |    <0.001 |
|       genblk1[11].mod2 |     0.000 |
|       genblk1[12].mod2 |     0.000 |
|       genblk1[13].mod2 |    <0.001 |
|       genblk1[14].mod2 |    <0.001 |
|       genblk1[15].mod2 |     0.000 |
|       genblk1[16].mod2 |     0.000 |
|       genblk1[17].mod2 |     0.000 |
|       genblk1[18].mod2 |     0.000 |
|       genblk1[19].mod2 |     0.000 |
|       genblk1[1].mod2  |     0.000 |
|       genblk1[20].mod2 |     0.000 |
|       genblk1[21].mod2 |     0.000 |
|       genblk1[22].mod2 |     0.000 |
|       genblk1[23].mod2 |     0.000 |
|       genblk1[24].mod2 |     0.000 |
|       genblk1[25].mod2 |     0.000 |
|       genblk1[26].mod2 |     0.000 |
|       genblk1[27].mod2 |     0.000 |
|       genblk1[28].mod2 |     0.000 |
|       genblk1[29].mod2 |     0.000 |
|       genblk1[2].mod2  |     0.000 |
|       genblk1[30].mod2 |     0.000 |
|       genblk1[31].mod2 |     0.000 |
|       genblk1[3].mod2  |     0.000 |
|       genblk1[4].mod2  |     0.000 |
|       genblk1[5].mod2  |    <0.001 |
|       genblk1[6].mod2  |     0.000 |
|       genblk1[7].mod2  |     0.000 |
|       genblk1[8].mod2  |     0.000 |
|       genblk1[9].mod2  |     0.000 |
|     genblk1[28].mod1   |     0.000 |
|       genblk1[0].mod2  |     0.000 |
|       genblk1[10].mod2 |     0.000 |
|       genblk1[11].mod2 |     0.000 |
|       genblk1[12].mod2 |     0.000 |
|       genblk1[13].mod2 |     0.000 |
|       genblk1[14].mod2 |     0.000 |
|       genblk1[15].mod2 |     0.000 |
|       genblk1[16].mod2 |     0.000 |
|       genblk1[17].mod2 |     0.000 |
|       genblk1[18].mod2 |     0.000 |
|       genblk1[19].mod2 |     0.000 |
|       genblk1[1].mod2  |     0.000 |
|       genblk1[20].mod2 |     0.000 |
|       genblk1[21].mod2 |     0.000 |
|       genblk1[22].mod2 |     0.000 |
|       genblk1[23].mod2 |     0.000 |
|       genblk1[24].mod2 |     0.000 |
|       genblk1[25].mod2 |     0.000 |
|       genblk1[26].mod2 |     0.000 |
|       genblk1[27].mod2 |     0.000 |
|       genblk1[28].mod2 |     0.000 |
|       genblk1[29].mod2 |     0.000 |
|       genblk1[2].mod2  |     0.000 |
|       genblk1[30].mod2 |     0.000 |
|       genblk1[31].mod2 |     0.000 |
|       genblk1[3].mod2  |     0.000 |
|       genblk1[4].mod2  |     0.000 |
|       genblk1[5].mod2  |     0.000 |
|       genblk1[6].mod2  |     0.000 |
|       genblk1[7].mod2  |     0.000 |
|       genblk1[8].mod2  |     0.000 |
|       genblk1[9].mod2  |     0.000 |
|     genblk1[29].mod1   |     0.000 |
|       genblk1[0].mod2  |     0.000 |
|       genblk1[10].mod2 |     0.000 |
|       genblk1[11].mod2 |     0.000 |
|       genblk1[12].mod2 |     0.000 |
|       genblk1[13].mod2 |     0.000 |
|       genblk1[14].mod2 |     0.000 |
|       genblk1[15].mod2 |     0.000 |
|       genblk1[16].mod2 |     0.000 |
|       genblk1[17].mod2 |     0.000 |
|       genblk1[18].mod2 |     0.000 |
|       genblk1[19].mod2 |     0.000 |
|       genblk1[1].mod2  |     0.000 |
|       genblk1[20].mod2 |     0.000 |
|       genblk1[21].mod2 |     0.000 |
|       genblk1[22].mod2 |     0.000 |
|       genblk1[23].mod2 |     0.000 |
|       genblk1[24].mod2 |     0.000 |
|       genblk1[25].mod2 |     0.000 |
|       genblk1[26].mod2 |     0.000 |
|       genblk1[27].mod2 |     0.000 |
|       genblk1[28].mod2 |     0.000 |
|       genblk1[29].mod2 |     0.000 |
|       genblk1[2].mod2  |     0.000 |
|       genblk1[30].mod2 |     0.000 |
|       genblk1[31].mod2 |     0.000 |
|       genblk1[3].mod2  |     0.000 |
|       genblk1[4].mod2  |     0.000 |
|       genblk1[5].mod2  |     0.000 |
|       genblk1[6].mod2  |     0.000 |
|       genblk1[7].mod2  |     0.000 |
|       genblk1[8].mod2  |     0.000 |
|       genblk1[9].mod2  |     0.000 |
|     genblk1[2].mod1    |     0.000 |
|       genblk1[0].mod2  |     0.000 |
|       genblk1[10].mod2 |     0.000 |
|       genblk1[11].mod2 |     0.000 |
|       genblk1[12].mod2 |     0.000 |
|       genblk1[13].mod2 |     0.000 |
|       genblk1[14].mod2 |     0.000 |
|       genblk1[15].mod2 |     0.000 |
|       genblk1[16].mod2 |     0.000 |
|       genblk1[17].mod2 |     0.000 |
|       genblk1[18].mod2 |     0.000 |
|       genblk1[19].mod2 |     0.000 |
|       genblk1[1].mod2  |     0.000 |
|       genblk1[20].mod2 |     0.000 |
|       genblk1[21].mod2 |     0.000 |
|       genblk1[22].mod2 |     0.000 |
|       genblk1[23].mod2 |     0.000 |
|       genblk1[24].mod2 |     0.000 |
|       genblk1[25].mod2 |     0.000 |
|       genblk1[26].mod2 |     0.000 |
|       genblk1[27].mod2 |     0.000 |
|       genblk1[28].mod2 |     0.000 |
|       genblk1[29].mod2 |     0.000 |
|       genblk1[2].mod2  |     0.000 |
|       genblk1[30].mod2 |     0.000 |
|       genblk1[31].mod2 |     0.000 |
|       genblk1[3].mod2  |     0.000 |
|       genblk1[4].mod2  |     0.000 |
|       genblk1[5].mod2  |     0.000 |
|       genblk1[6].mod2  |     0.000 |
|       genblk1[7].mod2  |     0.000 |
|       genblk1[8].mod2  |     0.000 |
|       genblk1[9].mod2  |     0.000 |
|     genblk1[30].mod1   |     0.000 |
|       genblk1[0].mod2  |     0.000 |
|       genblk1[10].mod2 |     0.000 |
|       genblk1[11].mod2 |     0.000 |
|       genblk1[12].mod2 |     0.000 |
|       genblk1[13].mod2 |     0.000 |
|       genblk1[14].mod2 |     0.000 |
|       genblk1[15].mod2 |     0.000 |
|       genblk1[16].mod2 |     0.000 |
|       genblk1[17].mod2 |     0.000 |
|       genblk1[18].mod2 |     0.000 |
|       genblk1[19].mod2 |     0.000 |
|       genblk1[1].mod2  |     0.000 |
|       genblk1[20].mod2 |     0.000 |
|       genblk1[21].mod2 |     0.000 |
|       genblk1[22].mod2 |     0.000 |
|       genblk1[23].mod2 |     0.000 |
|       genblk1[24].mod2 |     0.000 |
|       genblk1[25].mod2 |     0.000 |
|       genblk1[26].mod2 |     0.000 |
|       genblk1[27].mod2 |     0.000 |
|       genblk1[28].mod2 |     0.000 |
|       genblk1[29].mod2 |     0.000 |
|       genblk1[2].mod2  |     0.000 |
|       genblk1[30].mod2 |     0.000 |
|       genblk1[31].mod2 |     0.000 |
|       genblk1[3].mod2  |     0.000 |
|       genblk1[4].mod2  |     0.000 |
|       genblk1[5].mod2  |     0.000 |
|       genblk1[6].mod2  |     0.000 |
|       genblk1[7].mod2  |     0.000 |
|       genblk1[8].mod2  |     0.000 |
|       genblk1[9].mod2  |     0.000 |
|     genblk1[31].mod1   |     0.000 |
|       genblk1[0].mod2  |     0.000 |
|       genblk1[10].mod2 |     0.000 |
|       genblk1[11].mod2 |     0.000 |
|       genblk1[12].mod2 |     0.000 |
|       genblk1[13].mod2 |     0.000 |
|       genblk1[14].mod2 |     0.000 |
|       genblk1[15].mod2 |     0.000 |
|       genblk1[16].mod2 |     0.000 |
|       genblk1[17].mod2 |     0.000 |
|       genblk1[18].mod2 |     0.000 |
|       genblk1[19].mod2 |     0.000 |
|       genblk1[1].mod2  |     0.000 |
|       genblk1[20].mod2 |     0.000 |
|       genblk1[21].mod2 |     0.000 |
|       genblk1[22].mod2 |     0.000 |
|       genblk1[23].mod2 |     0.000 |
|       genblk1[24].mod2 |     0.000 |
|       genblk1[25].mod2 |     0.000 |
|       genblk1[26].mod2 |     0.000 |
|       genblk1[27].mod2 |     0.000 |
|       genblk1[28].mod2 |     0.000 |
|       genblk1[29].mod2 |     0.000 |
|       genblk1[2].mod2  |     0.000 |
|       genblk1[30].mod2 |     0.000 |
|       genblk1[31].mod2 |     0.000 |
|       genblk1[3].mod2  |     0.000 |
|       genblk1[4].mod2  |     0.000 |
|       genblk1[5].mod2  |     0.000 |
|       genblk1[6].mod2  |     0.000 |
|       genblk1[7].mod2  |     0.000 |
|       genblk1[8].mod2  |     0.000 |
|       genblk1[9].mod2  |     0.000 |
|     genblk1[3].mod1    |     0.000 |
|       genblk1[0].mod2  |     0.000 |
|       genblk1[10].mod2 |     0.000 |
|       genblk1[11].mod2 |     0.000 |
|       genblk1[12].mod2 |     0.000 |
|       genblk1[13].mod2 |     0.000 |
|       genblk1[14].mod2 |     0.000 |
|       genblk1[15].mod2 |     0.000 |
|       genblk1[16].mod2 |     0.000 |
|       genblk1[17].mod2 |     0.000 |
|       genblk1[18].mod2 |     0.000 |
|       genblk1[19].mod2 |     0.000 |
|       genblk1[1].mod2  |     0.000 |
|       genblk1[20].mod2 |     0.000 |
|       genblk1[21].mod2 |     0.000 |
|       genblk1[22].mod2 |     0.000 |
|       genblk1[23].mod2 |     0.000 |
|       genblk1[24].mod2 |     0.000 |
|       genblk1[25].mod2 |     0.000 |
|       genblk1[26].mod2 |     0.000 |
|       genblk1[27].mod2 |     0.000 |
|       genblk1[28].mod2 |     0.000 |
|       genblk1[29].mod2 |     0.000 |
|       genblk1[2].mod2  |     0.000 |
|       genblk1[30].mod2 |     0.000 |
|       genblk1[31].mod2 |     0.000 |
|       genblk1[3].mod2  |     0.000 |
|       genblk1[4].mod2  |     0.000 |
|       genblk1[5].mod2  |     0.000 |
|       genblk1[6].mod2  |     0.000 |
|       genblk1[7].mod2  |     0.000 |
|       genblk1[8].mod2  |     0.000 |
|       genblk1[9].mod2  |     0.000 |
|     genblk1[4].mod1    |     0.000 |
|       genblk1[0].mod2  |     0.000 |
|       genblk1[10].mod2 |     0.000 |
|       genblk1[11].mod2 |     0.000 |
|       genblk1[12].mod2 |     0.000 |
|       genblk1[13].mod2 |     0.000 |
|       genblk1[14].mod2 |     0.000 |
|       genblk1[15].mod2 |     0.000 |
|       genblk1[16].mod2 |     0.000 |
|       genblk1[17].mod2 |     0.000 |
|       genblk1[18].mod2 |     0.000 |
|       genblk1[19].mod2 |     0.000 |
|       genblk1[1].mod2  |     0.000 |
|       genblk1[20].mod2 |     0.000 |
|       genblk1[21].mod2 |     0.000 |
|       genblk1[22].mod2 |     0.000 |
|       genblk1[23].mod2 |     0.000 |
|       genblk1[24].mod2 |     0.000 |
|       genblk1[25].mod2 |     0.000 |
|       genblk1[26].mod2 |     0.000 |
|       genblk1[27].mod2 |     0.000 |
|       genblk1[28].mod2 |     0.000 |
|       genblk1[29].mod2 |     0.000 |
|       genblk1[2].mod2  |     0.000 |
|       genblk1[30].mod2 |     0.000 |
|       genblk1[31].mod2 |     0.000 |
|       genblk1[3].mod2  |     0.000 |
|       genblk1[4].mod2  |     0.000 |
|       genblk1[5].mod2  |     0.000 |
|       genblk1[6].mod2  |     0.000 |
|       genblk1[7].mod2  |     0.000 |
|       genblk1[8].mod2  |     0.000 |
|       genblk1[9].mod2  |     0.000 |
|     genblk1[5].mod1    |     0.000 |
|       genblk1[0].mod2  |     0.000 |
|       genblk1[10].mod2 |     0.000 |
|       genblk1[11].mod2 |     0.000 |
|       genblk1[12].mod2 |     0.000 |
|       genblk1[13].mod2 |     0.000 |
|       genblk1[14].mod2 |     0.000 |
|       genblk1[15].mod2 |     0.000 |
|       genblk1[16].mod2 |     0.000 |
|       genblk1[17].mod2 |     0.000 |
|       genblk1[18].mod2 |     0.000 |
|       genblk1[19].mod2 |     0.000 |
|       genblk1[1].mod2  |     0.000 |
|       genblk1[20].mod2 |     0.000 |
|       genblk1[21].mod2 |     0.000 |
|       genblk1[22].mod2 |     0.000 |
|       genblk1[23].mod2 |     0.000 |
|       genblk1[24].mod2 |     0.000 |
|       genblk1[25].mod2 |     0.000 |
|       genblk1[26].mod2 |     0.000 |
|       genblk1[27].mod2 |     0.000 |
|       genblk1[28].mod2 |     0.000 |
|       genblk1[29].mod2 |     0.000 |
|       genblk1[2].mod2  |     0.000 |
|       genblk1[30].mod2 |     0.000 |
|       genblk1[31].mod2 |     0.000 |
|       genblk1[3].mod2  |     0.000 |
|       genblk1[4].mod2  |     0.000 |
|       genblk1[5].mod2  |     0.000 |
|       genblk1[6].mod2  |     0.000 |
|       genblk1[7].mod2  |     0.000 |
|       genblk1[8].mod2  |     0.000 |
|       genblk1[9].mod2  |     0.000 |
|     genblk1[6].mod1    |     0.000 |
|       genblk1[0].mod2  |     0.000 |
|       genblk1[10].mod2 |     0.000 |
|       genblk1[11].mod2 |     0.000 |
|       genblk1[12].mod2 |     0.000 |
|       genblk1[13].mod2 |     0.000 |
|       genblk1[14].mod2 |     0.000 |
|       genblk1[15].mod2 |     0.000 |
|       genblk1[16].mod2 |     0.000 |
|       genblk1[17].mod2 |     0.000 |
|       genblk1[18].mod2 |     0.000 |
|       genblk1[19].mod2 |     0.000 |
|       genblk1[1].mod2  |     0.000 |
|       genblk1[20].mod2 |     0.000 |
|       genblk1[21].mod2 |     0.000 |
|       genblk1[22].mod2 |     0.000 |
|       genblk1[23].mod2 |     0.000 |
|       genblk1[24].mod2 |     0.000 |
|       genblk1[25].mod2 |     0.000 |
|       genblk1[26].mod2 |     0.000 |
|       genblk1[27].mod2 |     0.000 |
|       genblk1[28].mod2 |     0.000 |
|       genblk1[29].mod2 |     0.000 |
|       genblk1[2].mod2  |     0.000 |
|       genblk1[30].mod2 |     0.000 |
|       genblk1[31].mod2 |     0.000 |
|       genblk1[3].mod2  |     0.000 |
|       genblk1[4].mod2  |     0.000 |
|       genblk1[5].mod2  |     0.000 |
|       genblk1[6].mod2  |     0.000 |
|       genblk1[7].mod2  |     0.000 |
|       genblk1[8].mod2  |     0.000 |
|       genblk1[9].mod2  |     0.000 |
|     genblk1[7].mod1    |     0.000 |
|       genblk1[0].mod2  |     0.000 |
|       genblk1[10].mod2 |     0.000 |
|       genblk1[11].mod2 |     0.000 |
|       genblk1[12].mod2 |     0.000 |
|       genblk1[13].mod2 |     0.000 |
|       genblk1[14].mod2 |     0.000 |
|       genblk1[15].mod2 |     0.000 |
|       genblk1[16].mod2 |     0.000 |
|       genblk1[17].mod2 |     0.000 |
|       genblk1[18].mod2 |     0.000 |
|       genblk1[19].mod2 |     0.000 |
|       genblk1[1].mod2  |     0.000 |
|       genblk1[20].mod2 |     0.000 |
|       genblk1[21].mod2 |     0.000 |
|       genblk1[22].mod2 |     0.000 |
|       genblk1[23].mod2 |     0.000 |
|       genblk1[24].mod2 |     0.000 |
|       genblk1[25].mod2 |     0.000 |
|       genblk1[26].mod2 |     0.000 |
|       genblk1[27].mod2 |     0.000 |
|       genblk1[28].mod2 |     0.000 |
|       genblk1[29].mod2 |     0.000 |
|       genblk1[2].mod2  |     0.000 |
|       genblk1[30].mod2 |     0.000 |
|       genblk1[31].mod2 |     0.000 |
|       genblk1[3].mod2  |     0.000 |
|       genblk1[4].mod2  |     0.000 |
|       genblk1[5].mod2  |     0.000 |
|       genblk1[6].mod2  |     0.000 |
|       genblk1[7].mod2  |     0.000 |
|       genblk1[8].mod2  |     0.000 |
|       genblk1[9].mod2  |     0.000 |
|     genblk1[8].mod1    |     0.000 |
|       genblk1[0].mod2  |     0.000 |
|       genblk1[10].mod2 |     0.000 |
|       genblk1[11].mod2 |     0.000 |
|       genblk1[12].mod2 |     0.000 |
|       genblk1[13].mod2 |     0.000 |
|       genblk1[14].mod2 |     0.000 |
|       genblk1[15].mod2 |     0.000 |
|       genblk1[16].mod2 |     0.000 |
|       genblk1[17].mod2 |     0.000 |
|       genblk1[18].mod2 |     0.000 |
|       genblk1[19].mod2 |     0.000 |
|       genblk1[1].mod2  |     0.000 |
|       genblk1[20].mod2 |     0.000 |
|       genblk1[21].mod2 |     0.000 |
|       genblk1[22].mod2 |     0.000 |
|       genblk1[23].mod2 |     0.000 |
|       genblk1[24].mod2 |     0.000 |
|       genblk1[25].mod2 |     0.000 |
|       genblk1[26].mod2 |     0.000 |
|       genblk1[27].mod2 |     0.000 |
|       genblk1[28].mod2 |     0.000 |
|       genblk1[29].mod2 |     0.000 |
|       genblk1[2].mod2  |     0.000 |
|       genblk1[30].mod2 |     0.000 |
|       genblk1[31].mod2 |     0.000 |
|       genblk1[3].mod2  |     0.000 |
|       genblk1[4].mod2  |     0.000 |
|       genblk1[5].mod2  |     0.000 |
|       genblk1[6].mod2  |     0.000 |
|       genblk1[7].mod2  |     0.000 |
|       genblk1[8].mod2  |     0.000 |
|       genblk1[9].mod2  |     0.000 |
|     genblk1[9].mod1    |     0.000 |
|       genblk1[0].mod2  |     0.000 |
|       genblk1[10].mod2 |     0.000 |
|       genblk1[11].mod2 |     0.000 |
|       genblk1[12].mod2 |     0.000 |
|       genblk1[13].mod2 |     0.000 |
|       genblk1[14].mod2 |     0.000 |
|       genblk1[15].mod2 |     0.000 |
|       genblk1[16].mod2 |     0.000 |
|       genblk1[17].mod2 |     0.000 |
|       genblk1[18].mod2 |     0.000 |
|       genblk1[19].mod2 |     0.000 |
|       genblk1[1].mod2  |     0.000 |
|       genblk1[20].mod2 |     0.000 |
|       genblk1[21].mod2 |     0.000 |
|       genblk1[22].mod2 |     0.000 |
|       genblk1[23].mod2 |     0.000 |
|       genblk1[24].mod2 |     0.000 |
|       genblk1[25].mod2 |     0.000 |
|       genblk1[26].mod2 |     0.000 |
|       genblk1[27].mod2 |     0.000 |
|       genblk1[28].mod2 |     0.000 |
|       genblk1[29].mod2 |     0.000 |
|       genblk1[2].mod2  |     0.000 |
|       genblk1[30].mod2 |     0.000 |
|       genblk1[31].mod2 |     0.000 |
|       genblk1[3].mod2  |     0.000 |
|       genblk1[4].mod2  |     0.000 |
|       genblk1[5].mod2  |     0.000 |
|       genblk1[6].mod2  |     0.000 |
|       genblk1[7].mod2  |     0.000 |
|       genblk1[8].mod2  |     0.000 |
|       genblk1[9].mod2  |     0.000 |
|   mod7                 |    <0.001 |
|   modssd               |     0.121 |
|   slowclk              |     0.141 |
+------------------------+-----------+


