#-----------------------------------------------------------
# Webtalk v2016.4 (64-bit)
# SW Build 1733598 on Wed Dec 14 22:35:39 MST 2016
# IP Build 1731160 on Wed Dec 14 23:47:21 MST 2016
# Start of session at: Tue Nov 24 18:36:24 2020
# Process ID: 3964
# Current directory: C:/Users/CSE.CAL/Desktop/MarawanMahmoud/Lec_Project_Code_rules/MileStone 3 Simulation/MileStone 3/MileStone 3.sim/sim_1/behav
# Command line: wbtcv.exe -mode batch -source C:/Users/CSE.CAL/Desktop/MarawanMahmoud/Lec_Project_Code_rules/MileStone 3 Simulation/MileStone 3/MileStone 3.sim/sim_1/behav/xsim.dir/FullProcessor_tb_behav/webtalk/xsim_webtalk.tcl -notrace
# Log file: C:/Users/CSE.CAL/Desktop/MarawanMahmoud/Lec_Project_Code_rules/MileStone 3 Simulation/MileStone 3/MileStone 3.sim/sim_1/behav/webtalk.log
# Journal file: C:/Users/CSE.CAL/Desktop/MarawanMahmoud/Lec_Project_Code_rules/MileStone 3 Simulation/MileStone 3/MileStone 3.sim/sim_1/behav\webtalk.jou
#-----------------------------------------------------------
source C:/Users/CSE.CAL/Desktop/MarawanMahmoud/Lec_Project_Code_rules/MileStone -notrace
